<!DOCTYPE html>
<html><head>
  <meta charset="utf-8">
  <meta name="viewport" content="width=device-width, initial-scale=1">
  <style>
* { margin: 0; padding: 0; box-sizing: border-box; }
body { font-family: system-ui, sans-serif; }
  </style>
</head><body>

<div style="display:flex;flex-direction:column">
  <span id="__n0" data-sngl-id="__n0">
  </span>
  <button id="$1">
    <span>+a</span>
  </button>
  <button id="$2">
    <span>+b</span>
  </button>
</div>

<script>
(() => {
  // sngl-entry.js
  var state = { a: 10, b: 3 };
  function main_quotient(state2) {
    return Math.trunc(state2.a / state2.b);
  }
  function String(v) {
    return "" + v;
  }
  var $1 = document.getElementById("$1");
  var $2 = document.getElementById("$2");
  var __n0 = document.querySelector('[data-sngl-id="__n0"]');
  $1.addEventListener("click", function() {
    state.a = state.a + 1;
    __n0.textContent = String(main_quotient(state));
  });
  $2.addEventListener("click", function() {
    state.b = state.b + 1;
    __n0.textContent = String(main_quotient(state));
  });
  function __sngl_init() {
    __n0.textContent = String(main_quotient(state));
  }
  __sngl_init();
})();
</script>
</body></html>
